
Attaching package: 'dplyr'

The following objects are masked from 'package:stats':

    filter, lag

The following objects are masked from 'package:base':

    intersect, setdiff, setequal, union

As part of improvements to flowWorkspace, some behavior of
GatingSet objects has changed. For details, please read the section
titled "The cytoframe and cytoset classes" in the package vignette:

  vignette("flowWorkspace-Introduction", "flowWorkspace")

Attaching package: 'lubridate'

The following objects are masked from 'package:base':

    date, intersect, setdiff, union

Adding population:Beads
Gating for 'Beads'
The prior specification has no effect when usePrior=no
Using the serial version of flowClust
The prior specification has no effect when usePrior=no
Using the serial version of flowClust
done!
done.
finished.
